
> render
> npx --yes hyperframes@0.8.99 render -o /Users/mayowaadesanya/Projects/motif/videos/productions/every-change-should-be-reversible/quality-review/rough/captions.mp4 --skill=general-video -q delivery


◆  Rendering captions → /Users/mayowaadesanya/Projects/motif/videos/productions/every-change-should-be-reversible/quality-review/rough/captions.mp4
   30fps · high · auto workers (10 cores detected)
   GPU: browser GPU (auto-detect)

[?25l│
◒  Checking browser[1G[J◐  Checking browser[1G[J◇  Browser: cache
[?25h  █░░░░░░░░░░░░░░░░░░░░░░░░  5%  Compiling composition
  ██░░░░░░░░░░░░░░░░░░░░░░░  10%  Extracting video frames
  █████░░░░░░░░░░░░░░░░░░░░  20%  Processing audio tracks
  ██████░░░░░░░░░░░░░░░░░░░  25%  Starting frame capture
  ██████░░░░░░░░░░░░░░░░░░░  25%  Checking browser GPU
  ██████░░░░░░░░░░░░░░░░░░░  25%  Measuring capture speed
[BrowserManager] Browser launched (HeadlessChrome/152.0.7977.30, screenshot, gl=--use-gl=angle --use-angle=metal, headlessShell=true, platform=darwin)
[initSession:screenshot] page.goto start (1ms)
[HyperFrames] render runtime fps {"canonicalFps":30,"source":"render-options","rawFpsSource":"render-options","rawFps":30}
[initSession:screenshot] page.goto complete (1530ms)
[initSession:screenshot] GSAP proxy flush complete (11620ms)
[initSession:screenshot] pollHfReady complete (11621ms)
[initSession:screenshot] pollSubCompositionTimelines complete (ready) (11624ms)
[initSession:screenshot] applyVideoMetadataHints complete (11624ms)
[initSession:screenshot] media + fonts + tailwind ready (11626ms)
[initSession:screenshot] timeline at-risk predictor: 0/759 frames (0%) (11681ms)
[initSession:screenshot] static-frame dedup: disabled (eligible) (11689ms)
[initSession:screenshot] drawElement self-verify armed: 4 ground-truth frame(s) @ [190, 380, 569, 721] of 759 (22108ms)
[initSession:drawelement] drawElement canvas injected (22112ms)
[initSession:drawelement] screenshot fallback: 29 clip-boundary frame(s) (22112ms)
[initSession:drawelement] drawElement worker encode initialized (22115ms)
  ██████░░░░░░░░░░░░░░░░░░░  25%  Starting browsers (0/4 ready)
[BrowserManager] Browser launched (HeadlessChrome/152.0.7977.30, screenshot, gl=--use-gl=angle --use-angle=metal, headlessShell=true, platform=darwin)
[initSession:screenshot] page.goto start (0ms)
[initSession:screenshot] page.goto start (0ms)
[initSession:screenshot] page.goto start (0ms)
[initSession:screenshot] page.goto start (0ms)
[HyperFrames] render runtime fps {"canonicalFps":30,"source":"render-options","rawFpsSource":"render-options","rawFps":30}
[HyperFrames] render runtime fps {"canonicalFps":30,"source":"render-options","rawFpsSource":"render-options","rawFps":30}
[HyperFrames] render runtime fps {"canonicalFps":30,"source":"render-options","rawFpsSource":"render-options","rawFps":30}
[initSession:screenshot] page.goto complete (4984ms)
[initSession:screenshot] page.goto complete (4985ms)
[HyperFrames] render runtime fps {"canonicalFps":30,"source":"render-options","rawFpsSource":"render-options","rawFps":30}
[initSession:screenshot] page.goto complete (25158ms)
[Browser:ERROR] The AudioContext encountered an error from the audio device or the WebAudio renderer.
[initSession:screenshot] page.goto complete (25159ms)
[initSession:screenshot] GSAP proxy flush complete (25161ms)
[initSession:screenshot] GSAP proxy flush complete (25161ms)
[initSession:screenshot] GSAP proxy flush complete (25162ms)
[initSession:screenshot] GSAP proxy flush complete (25165ms)
[initSession:screenshot] pollHfReady complete (25166ms)
[initSession:screenshot] pollHfReady complete (25166ms)
[initSession:screenshot] pollHfReady complete (25165ms)
[initSession:screenshot] pollHfReady complete (25165ms)
[initSession:screenshot] pollSubCompositionTimelines complete (ready) (25168ms)
[initSession:screenshot] applyVideoMetadataHints complete (25169ms)
[initSession:screenshot] pollSubCompositionTimelines complete (ready) (25169ms)
[initSession:screenshot] applyVideoMetadataHints complete (25169ms)
[initSession:screenshot] pollSubCompositionTimelines complete (ready) (25168ms)
[initSession:screenshot] applyVideoMetadataHints complete (25168ms)
[initSession:screenshot] pollSubCompositionTimelines complete (ready) (25169ms)
[initSession:screenshot] applyVideoMetadataHints complete (25169ms)
[initSession:screenshot] media + fonts + tailwind ready (25171ms)
[initSession:screenshot] media + fonts + tailwind ready (25171ms)
[initSession:screenshot] media + fonts + tailwind ready (25171ms)
[initSession:screenshot] media + fonts + tailwind ready (25171ms)
[initSession:screenshot] static-frame dedup: disabled (eligible) (25176ms)
[initSession:screenshot] static-frame dedup: disabled (eligible) (25177ms)
[initSession:screenshot] static-frame dedup: disabled (eligible) (25176ms)
[initSession:screenshot] static-frame dedup: disabled (eligible) (25176ms)
  ██████░░░░░░░░░░░░░░░░░░░  25%  Starting browsers (1/4 ready)
  ██████░░░░░░░░░░░░░░░░░░░  25%  Capturing frame 1/759 (4 workers)
  ██████░░░░░░░░░░░░░░░░░░░  25%  Capturing frame 2/759 (4 workers)
  ██████░░░░░░░░░░░░░░░░░░░  27%  Capturing frame 26/759 (4 workers)
  ███████░░░░░░░░░░░░░░░░░░  28%  Capturing frame 50/759 (4 workers)
  ███████░░░░░░░░░░░░░░░░░░  29%  Capturing frame 75/759 (4 workers)
  ███████░░░░░░░░░░░░░░░░░░  31%  Capturing frame 100/759 (4 workers)
  ████████░░░░░░░░░░░░░░░░░  32%  Capturing frame 124/759 (4 workers)
  ████████░░░░░░░░░░░░░░░░░  34%  Capturing frame 148/759 (4 workers)
  ████████░░░░░░░░░░░░░░░░░  35%  Capturing frame 172/759 (4 workers)
  █████████░░░░░░░░░░░░░░░░  36%  Capturing frame 191/759 (4 workers)
  █████████░░░░░░░░░░░░░░░░  38%  Capturing frame 216/759 (4 workers)
  █████████░░░░░░░░░░░░░░░░  39%  Capturing frame 240/759 (4 workers)
  ██████████░░░░░░░░░░░░░░░  41%  Capturing frame 265/759 (4 workers)
  ██████████░░░░░░░░░░░░░░░  42%  Capturing frame 289/759 (4 workers)
  ███████████░░░░░░░░░░░░░░  44%  Capturing frame 313/759 (4 workers)
  ███████████░░░░░░░░░░░░░░  45%  Capturing frame 337/759 (4 workers)
  ███████████░░░░░░░░░░░░░░  46%  Capturing frame 361/759 (4 workers)
  ████████████░░░░░░░░░░░░░  48%  Capturing frame 385/759 (4 workers)
  ████████████░░░░░░░░░░░░░  49%  Capturing frame 409/759 (4 workers)
  ████████████░░░░░░░░░░░░░  51%  Capturing frame 433/759 (4 workers)
  █████████████░░░░░░░░░░░░  52%  Capturing frame 457/759 (4 workers)
  █████████████░░░░░░░░░░░░  54%  Capturing frame 481/759 (4 workers)
  █████████████░░░░░░░░░░░░  55%  Capturing frame 505/759 (4 workers)
  ██████████████░░░░░░░░░░░  56%  Capturing frame 529/759 (4 workers)
  ██████████████░░░░░░░░░░░  58%  Capturing frame 553/759 (4 workers)
  ██████████████░░░░░░░░░░░  59%  Capturing frame 577/759 (4 workers)
  ███████████████░░░░░░░░░░  61%  Capturing frame 601/759 (4 workers)
  ███████████████░░░░░░░░░░  62%  Capturing frame 625/759 (4 workers)
  ███████████████░░░░░░░░░░  63%  Capturing frame 649/759 (4 workers)
  ████████████████░░░░░░░░░  65%  Capturing frame 673/759 (4 workers)
  ████████████████░░░░░░░░░  66%  Capturing frame 697/759 (4 workers)
  █████████████████░░░░░░░░  68%  Capturing frame 721/759 (4 workers)
  █████████████████░░░░░░░░  69%  Capturing frame 745/759 (4 workers)
  █████████████████░░░░░░░░  70%  Capturing frame 759/759 (4 workers)
  ██████████████████░░░░░░░  75%  Encoding video
  ██████████████████████░░░  90%  Assembling final video
  █████████████████████████  100%  Render complete

◇  /Users/mayowaadesanya/Projects/motif/videos/productions/every-change-should-be-reversible/quality-review/rough/captions.mp4
   2.9 MB · 25.3s video · rendered in 1m 44.1s
   screenshot capture · hardware gpu · compile 3.6s · extract 0.0s · audio 0.7s · probe 0.7s · setup 22.9s · capture 1m 14.0s · encode 1.9s · assemble 0.9s
[INFO] [Render] Pipeline started {"renderJobId":"499df97e-818b-4863-8828-9bbccd171d12","platform":"darwin","arch":"arm64","nodeVersion":"v22.23.0","fps":{"num":30,"den":1},"format":"mp4","quality":"high","browserGpuMode":"auto","forceScreenshot":false,"protocolTimeout":300000,"browserTimeout":120000,"pageNavigationTimeout":60000,"playerReadyTimeout":45000}
[INFO] [Render:trace] {"renderJobId":"499df97e-818b-4863-8828-9bbccd171d12","phase":"pipeline","status":"checkpoint","elapsedMs":3,"message":"started","format":"mp4","quality":"high","browserGpuMode":"auto","forceScreenshot":false,"protocolTimeoutMs":300000,"pageNavigationTimeoutMs":60000,"playerReadyTimeoutMs":45000,"requestedWorkers":"auto"}
[INFO] [Render:trace] {"renderJobId":"499df97e-818b-4863-8828-9bbccd171d12","phase":"compile","status":"start","elapsedMs":4,"needsAlpha":false}
[INFO] [Compiler] Embedded local font file: assets/fonts/Inter-700.woff2 (24 KB → data URI)
[INFO] [Compiler] Embedded local font file: assets/fonts/Inter-900.woff2 (25 KB → data URI)
[INFO] [Compiler] Embedded local font file: assets/fonts/EBGaramond-700.woff2 (23 KB → data URI)
[INFO] Compiled composition metadata {"renderJobId":"499df97e-818b-4863-8828-9bbccd171d12","entryFile":"index.html","staticDuration":25.3,"width":360,"height":640,"videoCount":0,"audioCount":1,"renderModeHints":{"recommendScreenshot":false,"reasons":[]}}
[INFO] [Render:trace] {"renderJobId":"499df97e-818b-4863-8828-9bbccd171d12","phase":"compile","status":"end","elapsedMs":2807,"durationMs":2803,"needsAlpha":false}
[INFO] [Render:trace] {"renderJobId":"499df97e-818b-4863-8828-9bbccd171d12","phase":"compile","status":"checkpoint","elapsedMs":2845,"message":"composition metadata resolved","width":360,"height":640,"videoCount":0,"audioCount":1,"imageCount":0,"deviceScaleFactor":1,"forceScreenshot":false,"compositionHash":"e909d5f33692d695"}
[INFO] [Render:trace] {"renderJobId":"499df97e-818b-4863-8828-9bbccd171d12","phase":"browser_probe","status":"start","elapsedMs":2845,"forceScreenshot":false,"stagePhase":"calibrating"}
[INFO] [Render:trace] {"renderJobId":"499df97e-818b-4863-8828-9bbccd171d12","phase":"browser_probe","status":"end","elapsedMs":3564,"durationMs":719,"forceScreenshot":false,"stagePhase":"calibrating"}
[INFO] [Render:trace] {"renderJobId":"499df97e-818b-4863-8828-9bbccd171d12","phase":"browser_probe","status":"checkpoint","elapsedMs":3601,"message":"duration resolved","durationSeconds":25.3,"totalFrames":759,"compositionHash":"e909d5f33692d695","beginFrameStalled":false}
[INFO] [Render:trace] {"renderJobId":"499df97e-818b-4863-8828-9bbccd171d12","phase":"video_extract","status":"start","elapsedMs":3601,"videoCount":0}
[INFO] [Render:trace] {"renderJobId":"499df97e-818b-4863-8828-9bbccd171d12","phase":"video_extract","status":"end","elapsedMs":3602,"durationMs":0,"videoCount":0}
[INFO] [Render:trace] {"renderJobId":"499df97e-818b-4863-8828-9bbccd171d12","phase":"video_extract","status":"checkpoint","elapsedMs":3680,"message":"frames resolved","videoCount":0,"extractedVideoCount":0,"totalFramesExtracted":0,"maxFramesPerVideo":0,"avgFramesPerExtractedVideo":null,"vfrPreflightCount":null,"vfrPreflightMs":null,"cacheHits":null,"cacheMisses":null,"transientRetries":null,"minVideoFrameCoverageRatio":null,"authoredTimedClipCount":11}
[INFO] [Render] No HDR sources detected — rendering SDR {"renderJobId":"499df97e-818b-4863-8828-9bbccd171d12"}
[INFO] [Render:trace] {"renderJobId":"499df97e-818b-4863-8828-9bbccd171d12","phase":"hdr_detection","status":"checkpoint","elapsedMs":3681,"message":"resolved","requestedHdrMode":"auto","effectiveHdr":"sdr","nativeHdrVideoCount":0,"nativeHdrImageCount":0}
[INFO] [Render:trace] {"renderJobId":"499df97e-818b-4863-8828-9bbccd171d12","phase":"audio_process","status":"start","elapsedMs":3681,"audioCount":1}
[INFO] [Render:trace] {"renderJobId":"499df97e-818b-4863-8828-9bbccd171d12","phase":"audio_process","status":"end","elapsedMs":4398,"durationMs":717,"audioCount":1}
[INFO] [Render:trace] {"renderJobId":"499df97e-818b-4863-8828-9bbccd171d12","phase":"file_server","status":"start","elapsedMs":4398,"reused":false}
[INFO] [Render:trace] {"renderJobId":"499df97e-818b-4863-8828-9bbccd171d12","phase":"file_server","status":"end","elapsedMs":4406,"durationMs":8}
[hyperframes] browserGpuMode probe → hardware (WebGL renderer vendor="Google Inc. (Apple)" renderer="ANGLE (Apple, ANGLE Metal Renderer: Apple M2 Pro, Unspecified Version)")
[INFO] [Render:trace] {"renderJobId":"499df97e-818b-4863-8828-9bbccd171d12","phase":"capture_calibration","status":"start","elapsedMs":4777,"stagePhase":"calibrating","forceScreenshot":false,"totalFrames":759,"framesCompleted":0,"captureMode":"drawelement","captureOperation":"drawElement"}
[INFO] [Render] Calibration config {"renderJobId":"499df97e-818b-4863-8828-9bbccd171d12","protocolTimeout":30000,"parentProtocolTimeout":300000,"forceScreenshot":false,"totalFrames":759}
[INFO] Launching browser for capture calibration... {"renderJobId":"499df97e-818b-4863-8828-9bbccd171d12"}
[INFO] Initializing calibration session... {"renderJobId":"499df97e-818b-4863-8828-9bbccd171d12"}
[INFO] Calibration session ready, capturing test frames... {"renderJobId":"499df97e-818b-4863-8828-9bbccd171d12"}
[INFO] Calibration: capturing test frame 1/5... {"renderJobId":"499df97e-818b-4863-8828-9bbccd171d12"}
[INFO] Calibration: capturing test frame 2/5... {"renderJobId":"499df97e-818b-4863-8828-9bbccd171d12"}
[INFO] Calibration: capturing test frame 3/5... {"renderJobId":"499df97e-818b-4863-8828-9bbccd171d12"}
[INFO] Calibration: capturing test frame 4/5... {"renderJobId":"499df97e-818b-4863-8828-9bbccd171d12"}
[INFO] Calibration: capturing test frame 5/5... {"renderJobId":"499df97e-818b-4863-8828-9bbccd171d12"}
[INFO] Calibration complete, estimated cost: 33ms/frame (p95) {"renderJobId":"499df97e-818b-4863-8828-9bbccd171d12"}
[INFO] [Render:trace] {"renderJobId":"499df97e-818b-4863-8828-9bbccd171d12","phase":"capture_calibration","status":"end","elapsedMs":27267,"durationMs":22490,"stagePhase":"calibrating","forceScreenshot":false,"totalFrames":759,"framesCompleted":0,"captureMode":"drawelement","captureOperation":"drawElement"}
[INFO] [Render:trace] {"renderJobId":"499df97e-818b-4863-8828-9bbccd171d12","phase":"capture_calibration","status":"checkpoint","elapsedMs":27267,"message":"resolved","forceScreenshot":false,"multiplier":1,"p95Ms":33}
[INFO] [Render:trace] {"renderJobId":"499df97e-818b-4863-8828-9bbccd171d12","phase":"worker_resolution","status":"checkpoint","elapsedMs":27268,"message":"resolved","workerCount":4}
[INFO] [Render] Fast capture: default-on drawElement disabled for this render — parallel capture has no runtime self-verification. Set PRODUCER_EXPERIMENTAL_FAST_CAPTURE=true to override. {"renderJobId":"499df97e-818b-4863-8828-9bbccd171d12"}
[INFO] streaming-encode gate {"renderJobId":"499df97e-818b-4863-8828-9bbccd171d12","enabled":false,"reason":"multi_worker","configFlag":true,"durationCapEnabled":false,"outputFormat":"mp4","workerCount":4,"durationSeconds":25.3,"maxDurationSeconds":240}
[INFO] [Render:trace] {"renderJobId":"499df97e-818b-4863-8828-9bbccd171d12","phase":"capture_strategy","status":"checkpoint","elapsedMs":27268,"message":"resolved","workerCount":4,"forceScreenshot":false,"captureBeyondViewport":null,"useStreamingEncode":false,"useLayeredComposite":false,"usePageSideCompositing":false,"hasHdrContent":false,"hasShaderTransitions":false,"isPngSequence":false}
[INFO] [Render:trace] {"renderJobId":"499df97e-818b-4863-8828-9bbccd171d12","phase":"capture_disk","status":"start","elapsedMs":27268,"stagePhase":"capturing","needsAlpha":false,"workerCount":4,"forceScreenshot":false,"totalFrames":759,"framesCompleted":0,"captureMode":"screenshot","captureOperation":"captureScreenshot"}
[INFO] [Render:trace] {"renderJobId":"499df97e-818b-4863-8828-9bbccd171d12","phase":"capture_disk","status":"checkpoint","elapsedMs":57271,"message":"stage still running","stagePhase":"capturing","needsAlpha":false,"workerCount":4,"forceScreenshot":false,"totalFrames":759,"framesCompleted":0,"captureMode":"screenshot","captureOperation":"captureScreenshot","heartbeatIndex":1,"stageElapsedMs":30003}
[INFO] [Render:trace] {"renderJobId":"499df97e-818b-4863-8828-9bbccd171d12","phase":"capture_disk","status":"checkpoint","elapsedMs":87274,"message":"stage still running","stagePhase":"capturing","needsAlpha":false,"workerCount":4,"forceScreenshot":false,"totalFrames":759,"framesCompleted":1,"captureMode":"screenshot","captureOperation":"captureScreenshot","heartbeatIndex":2,"stageElapsedMs":60006}
[INFO] [Render:trace] {"renderJobId":"499df97e-818b-4863-8828-9bbccd171d12","phase":"capture_disk","status":"end","elapsedMs":101220,"durationMs":73952,"stagePhase":"capturing","needsAlpha":false,"workerCount":4,"forceScreenshot":false,"totalFrames":759,"framesCompleted":759,"captureMode":"screenshot","captureOperation":"encode"}
[INFO] [Render:trace] {"renderJobId":"499df97e-818b-4863-8828-9bbccd171d12","phase":"encode","status":"start","elapsedMs":101220,"stagePhase":"capturing","hasAudio":true,"isPngSequence":false,"isGif":false,"chunkedEncode":false,"workerCount":4,"forceScreenshot":false,"totalFrames":759,"framesCompleted":759,"captureMode":"screenshot","captureOperation":"encode"}
[INFO] [Render:trace] {"renderJobId":"499df97e-818b-4863-8828-9bbccd171d12","phase":"encode","status":"end","elapsedMs":103102,"durationMs":1882,"stagePhase":"capturing","hasAudio":true,"isPngSequence":false,"isGif":false,"chunkedEncode":false,"workerCount":4,"forceScreenshot":false,"totalFrames":759,"framesCompleted":759,"captureMode":"screenshot","captureOperation":"encode"}
[INFO] [Render:trace] {"renderJobId":"499df97e-818b-4863-8828-9bbccd171d12","phase":"assemble","status":"start","elapsedMs":103102,"stagePhase":"capturing","hasAudio":true,"workerCount":4,"forceScreenshot":false,"totalFrames":759,"framesCompleted":759,"captureMode":"screenshot","captureOperation":"encode"}
[INFO] [Render:trace] {"renderJobId":"499df97e-818b-4863-8828-9bbccd171d12","phase":"assemble","status":"end","elapsedMs":104014,"durationMs":912,"stagePhase":"capturing","hasAudio":true,"workerCount":4,"forceScreenshot":false,"totalFrames":759,"framesCompleted":759,"captureMode":"screenshot","captureOperation":"encode"}
[INFO] [Render:trace] {"renderJobId":"499df97e-818b-4863-8828-9bbccd171d12","phase":"pipeline","status":"checkpoint","elapsedMs":104062,"message":"artifact validated","totalElapsedMs":104055}
