
> render
> npx --yes hyperframes@0.8.99 render -o /Users/mayowaadesanya/Projects/motif/videos/productions/every-change-should-be-reversible/quality-review/rough/no-captions.mp4 --skill=general-video -q delivery


◆  Rendering no-captions → /Users/mayowaadesanya/Projects/motif/videos/productions/every-change-should-be-reversible/quality-review/rough/no-captions.mp4
   30fps · high · auto workers (10 cores detected)
   GPU: browser GPU (auto-detect)

[?25l│
◒  Checking browser[1G[J◐  Checking browser[1G[J◇  Browser: cache
[?25h  █░░░░░░░░░░░░░░░░░░░░░░░░  5%  Compiling composition
  ██░░░░░░░░░░░░░░░░░░░░░░░  10%  Extracting video frames
  █████░░░░░░░░░░░░░░░░░░░░  20%  Processing audio tracks
  ██████░░░░░░░░░░░░░░░░░░░  25%  Starting frame capture
  ██████░░░░░░░░░░░░░░░░░░░  25%  Checking browser GPU
  ██████░░░░░░░░░░░░░░░░░░░  25%  Measuring capture speed
[BrowserManager] Browser launched (HeadlessChrome/152.0.7977.30, screenshot, gl=--use-gl=angle --use-angle=metal, headlessShell=true, platform=darwin)
[initSession:screenshot] page.goto start (0ms)
[HyperFrames] render runtime fps {"canonicalFps":30,"source":"render-options","rawFpsSource":"render-options","rawFps":30}
[initSession:screenshot] page.goto complete (1545ms)
[initSession:screenshot] GSAP proxy flush complete (11626ms)
[initSession:screenshot] pollHfReady complete (11627ms)
[initSession:screenshot] pollSubCompositionTimelines complete (ready) (11629ms)
[initSession:screenshot] applyVideoMetadataHints complete (11629ms)
[initSession:screenshot] media + fonts + tailwind ready (11631ms)
[initSession:screenshot] timeline at-risk predictor: 0/759 frames (0%) (11683ms)
[initSession:screenshot] static-frame dedup: disabled (eligible) (11690ms)
[initSession:screenshot] drawElement self-verify armed: 4 ground-truth frame(s) @ [190, 380, 569, 721] of 759 (22155ms)
[initSession:drawelement] drawElement canvas injected (22158ms)
[initSession:drawelement] screenshot fallback: 29 clip-boundary frame(s) (22159ms)
[initSession:drawelement] drawElement worker encode initialized (22162ms)
  ██████░░░░░░░░░░░░░░░░░░░  25%  Starting browsers (0/4 ready)
[BrowserManager] Browser launched (HeadlessChrome/152.0.7977.30, screenshot, gl=--use-gl=angle --use-angle=metal, headlessShell=true, platform=darwin)
[initSession:screenshot] page.goto start (0ms)
[initSession:screenshot] page.goto start (0ms)
[initSession:screenshot] page.goto start (0ms)
[initSession:screenshot] page.goto start (0ms)
[HyperFrames] render runtime fps {"canonicalFps":30,"source":"render-options","rawFpsSource":"render-options","rawFps":30}
[HyperFrames] render runtime fps {"canonicalFps":30,"source":"render-options","rawFpsSource":"render-options","rawFps":30}
[HyperFrames] render runtime fps {"canonicalFps":30,"source":"render-options","rawFpsSource":"render-options","rawFps":30}
[initSession:screenshot] page.goto complete (4741ms)
[initSession:screenshot] page.goto complete (4742ms)
[initSession:screenshot] page.goto complete (4744ms)
[HyperFrames] render runtime fps {"canonicalFps":30,"source":"render-options","rawFpsSource":"render-options","rawFps":30}
[initSession:screenshot] page.goto complete (35004ms)
[Browser:ERROR] The AudioContext encountered an error from the audio device or the WebAudio renderer.
[initSession:screenshot] GSAP proxy flush complete (35009ms)
[initSession:screenshot] GSAP proxy flush complete (35008ms)
[initSession:screenshot] GSAP proxy flush complete (35008ms)
[initSession:screenshot] GSAP proxy flush complete (35007ms)
[initSession:screenshot] pollHfReady complete (35011ms)
[initSession:screenshot] pollHfReady complete (35010ms)
[initSession:screenshot] pollHfReady complete (35011ms)
[initSession:screenshot] pollHfReady complete (35008ms)
[initSession:screenshot] pollSubCompositionTimelines complete (ready) (35014ms)
[initSession:screenshot] applyVideoMetadataHints complete (35014ms)
[initSession:screenshot] pollSubCompositionTimelines complete (ready) (35014ms)
[initSession:screenshot] applyVideoMetadataHints complete (35014ms)
[initSession:screenshot] pollSubCompositionTimelines complete (ready) (35014ms)
[initSession:screenshot] applyVideoMetadataHints complete (35014ms)
[initSession:screenshot] pollSubCompositionTimelines complete (ready) (35012ms)
[initSession:screenshot] applyVideoMetadataHints complete (35012ms)
[initSession:screenshot] media + fonts + tailwind ready (35017ms)
[initSession:screenshot] media + fonts + tailwind ready (35016ms)
[initSession:screenshot] media + fonts + tailwind ready (35017ms)
[initSession:screenshot] media + fonts + tailwind ready (35014ms)
[initSession:screenshot] static-frame dedup: disabled (eligible) (35023ms)
[initSession:screenshot] static-frame dedup: disabled (eligible) (35022ms)
[initSession:screenshot] static-frame dedup: disabled (eligible) (35023ms)
[initSession:screenshot] static-frame dedup: disabled (eligible) (35020ms)
  ██████░░░░░░░░░░░░░░░░░░░  25%  Starting browsers (1/4 ready)
  ██████░░░░░░░░░░░░░░░░░░░  25%  Capturing frame 1/759 (4 workers)
  ██████░░░░░░░░░░░░░░░░░░░  25%  Capturing frame 5/759 (4 workers)
  ██████░░░░░░░░░░░░░░░░░░░  27%  Capturing frame 30/759 (4 workers)
  ███████░░░░░░░░░░░░░░░░░░  28%  Capturing frame 53/759 (4 workers)
  ███████░░░░░░░░░░░░░░░░░░  30%  Capturing frame 78/759 (4 workers)
  ███████░░░░░░░░░░░░░░░░░░  31%  Capturing frame 102/759 (4 workers)
  ████████░░░░░░░░░░░░░░░░░  32%  Capturing frame 126/759 (4 workers)
  ████████░░░░░░░░░░░░░░░░░  34%  Capturing frame 150/759 (4 workers)
  ████████░░░░░░░░░░░░░░░░░  35%  Capturing frame 174/759 (4 workers)
  █████████░░░░░░░░░░░░░░░░  37%  Capturing frame 198/759 (4 workers)
  █████████░░░░░░░░░░░░░░░░  38%  Capturing frame 221/759 (4 workers)
  ██████████░░░░░░░░░░░░░░░  40%  Capturing frame 245/759 (4 workers)
  ██████████░░░░░░░░░░░░░░░  41%  Capturing frame 269/759 (4 workers)
  ██████████░░░░░░░░░░░░░░░  42%  Capturing frame 293/759 (4 workers)
  ███████████░░░░░░░░░░░░░░  44%  Capturing frame 317/759 (4 workers)
  ███████████░░░░░░░░░░░░░░  45%  Capturing frame 341/759 (4 workers)
  ███████████░░░░░░░░░░░░░░  47%  Capturing frame 365/759 (4 workers)
  ████████████░░░░░░░░░░░░░  48%  Capturing frame 389/759 (4 workers)
  ████████████░░░░░░░░░░░░░  50%  Capturing frame 414/759 (4 workers)
  ████████████░░░░░░░░░░░░░  51%  Capturing frame 438/759 (4 workers)
  █████████████░░░░░░░░░░░░  52%  Capturing frame 462/759 (4 workers)
  █████████████░░░░░░░░░░░░  54%  Capturing frame 486/759 (4 workers)
  █████████████░░░░░░░░░░░░  55%  Capturing frame 510/759 (4 workers)
  ██████████████░░░░░░░░░░░  57%  Capturing frame 534/759 (4 workers)
  ██████████████░░░░░░░░░░░  58%  Capturing frame 559/759 (4 workers)
  ███████████████░░░░░░░░░░  60%  Capturing frame 583/759 (4 workers)
  ███████████████░░░░░░░░░░  61%  Capturing frame 607/759 (4 workers)
  ███████████████░░░░░░░░░░  62%  Capturing frame 631/759 (4 workers)
  ████████████████░░░░░░░░░  64%  Capturing frame 655/759 (4 workers)
  ████████████████░░░░░░░░░  65%  Capturing frame 680/759 (4 workers)
  ████████████████░░░░░░░░░  67%  Capturing frame 704/759 (4 workers)
  █████████████████░░░░░░░░  68%  Capturing frame 728/759 (4 workers)
  █████████████████░░░░░░░░  70%  Capturing frame 753/759 (4 workers)
  █████████████████░░░░░░░░  70%  Capturing frame 759/759 (4 workers)
  ██████████████████░░░░░░░  75%  Encoding video
  ██████████████████████░░░  90%  Assembling final video
  █████████████████████████  100%  Render complete

◇  /Users/mayowaadesanya/Projects/motif/videos/productions/every-change-should-be-reversible/quality-review/rough/no-captions.mp4
   2.6 MB · 25.3s video · rendered in 1m 54.0s
   screenshot capture · hardware gpu · compile 3.6s · extract 0.0s · audio 0.7s · probe 0.7s · setup 22.9s · capture 1m 23.7s · encode 1.9s · assemble 0.9s
[INFO] [Render] Pipeline started {"renderJobId":"3deddb9b-e605-462c-92d4-c842c8fbb297","platform":"darwin","arch":"arm64","nodeVersion":"v22.23.0","fps":{"num":30,"den":1},"format":"mp4","quality":"high","browserGpuMode":"auto","forceScreenshot":false,"protocolTimeout":300000,"browserTimeout":120000,"pageNavigationTimeout":60000,"playerReadyTimeout":45000}
[INFO] [Render:trace] {"renderJobId":"3deddb9b-e605-462c-92d4-c842c8fbb297","phase":"pipeline","status":"checkpoint","elapsedMs":3,"message":"started","format":"mp4","quality":"high","browserGpuMode":"auto","forceScreenshot":false,"protocolTimeoutMs":300000,"pageNavigationTimeoutMs":60000,"playerReadyTimeoutMs":45000,"requestedWorkers":"auto"}
[INFO] [Render:trace] {"renderJobId":"3deddb9b-e605-462c-92d4-c842c8fbb297","phase":"compile","status":"start","elapsedMs":5,"needsAlpha":false}
[INFO] [Compiler] Embedded local font file: assets/fonts/Inter-700.woff2 (24 KB → data URI)
[INFO] [Compiler] Embedded local font file: assets/fonts/Inter-900.woff2 (25 KB → data URI)
[INFO] [Compiler] Embedded local font file: assets/fonts/EBGaramond-700.woff2 (23 KB → data URI)
[INFO] Compiled composition metadata {"renderJobId":"3deddb9b-e605-462c-92d4-c842c8fbb297","entryFile":"index.html","staticDuration":25.3,"width":360,"height":640,"videoCount":0,"audioCount":1,"renderModeHints":{"recommendScreenshot":false,"reasons":[]}}
[INFO] [Render:trace] {"renderJobId":"3deddb9b-e605-462c-92d4-c842c8fbb297","phase":"compile","status":"end","elapsedMs":2882,"durationMs":2877,"needsAlpha":false}
[INFO] [Render:trace] {"renderJobId":"3deddb9b-e605-462c-92d4-c842c8fbb297","phase":"compile","status":"checkpoint","elapsedMs":2920,"message":"composition metadata resolved","width":360,"height":640,"videoCount":0,"audioCount":1,"imageCount":0,"deviceScaleFactor":1,"forceScreenshot":false,"compositionHash":"0a5069ad37f98e97"}
[INFO] [Render:trace] {"renderJobId":"3deddb9b-e605-462c-92d4-c842c8fbb297","phase":"browser_probe","status":"start","elapsedMs":2921,"forceScreenshot":false,"stagePhase":"calibrating"}
[INFO] [Render:trace] {"renderJobId":"3deddb9b-e605-462c-92d4-c842c8fbb297","phase":"browser_probe","status":"end","elapsedMs":3595,"durationMs":674,"forceScreenshot":false,"stagePhase":"calibrating"}
[INFO] [Render:trace] {"renderJobId":"3deddb9b-e605-462c-92d4-c842c8fbb297","phase":"browser_probe","status":"checkpoint","elapsedMs":3633,"message":"duration resolved","durationSeconds":25.3,"totalFrames":759,"compositionHash":"0a5069ad37f98e97","beginFrameStalled":false}
[INFO] [Render:trace] {"renderJobId":"3deddb9b-e605-462c-92d4-c842c8fbb297","phase":"video_extract","status":"start","elapsedMs":3633,"videoCount":0}
[INFO] [Render:trace] {"renderJobId":"3deddb9b-e605-462c-92d4-c842c8fbb297","phase":"video_extract","status":"end","elapsedMs":3634,"durationMs":1,"videoCount":0}
[INFO] [Render:trace] {"renderJobId":"3deddb9b-e605-462c-92d4-c842c8fbb297","phase":"video_extract","status":"checkpoint","elapsedMs":3709,"message":"frames resolved","videoCount":0,"extractedVideoCount":0,"totalFramesExtracted":0,"maxFramesPerVideo":0,"avgFramesPerExtractedVideo":null,"vfrPreflightCount":null,"vfrPreflightMs":null,"cacheHits":null,"cacheMisses":null,"transientRetries":null,"minVideoFrameCoverageRatio":null,"authoredTimedClipCount":11}
[INFO] [Render] No HDR sources detected — rendering SDR {"renderJobId":"3deddb9b-e605-462c-92d4-c842c8fbb297"}
[INFO] [Render:trace] {"renderJobId":"3deddb9b-e605-462c-92d4-c842c8fbb297","phase":"hdr_detection","status":"checkpoint","elapsedMs":3710,"message":"resolved","requestedHdrMode":"auto","effectiveHdr":"sdr","nativeHdrVideoCount":0,"nativeHdrImageCount":0}
[INFO] [Render:trace] {"renderJobId":"3deddb9b-e605-462c-92d4-c842c8fbb297","phase":"audio_process","status":"start","elapsedMs":3710,"audioCount":1}
[INFO] [Render:trace] {"renderJobId":"3deddb9b-e605-462c-92d4-c842c8fbb297","phase":"audio_process","status":"end","elapsedMs":4435,"durationMs":725,"audioCount":1}
[INFO] [Render:trace] {"renderJobId":"3deddb9b-e605-462c-92d4-c842c8fbb297","phase":"file_server","status":"start","elapsedMs":4435,"reused":false}
[INFO] [Render:trace] {"renderJobId":"3deddb9b-e605-462c-92d4-c842c8fbb297","phase":"file_server","status":"end","elapsedMs":4443,"durationMs":8}
[hyperframes] browserGpuMode probe → hardware (WebGL renderer vendor="Google Inc. (Apple)" renderer="ANGLE (Apple, ANGLE Metal Renderer: Apple M2 Pro, Unspecified Version)")
[INFO] [Render:trace] {"renderJobId":"3deddb9b-e605-462c-92d4-c842c8fbb297","phase":"capture_calibration","status":"start","elapsedMs":4811,"stagePhase":"calibrating","forceScreenshot":false,"totalFrames":759,"framesCompleted":0,"captureMode":"drawelement","captureOperation":"drawElement"}
[INFO] [Render] Calibration config {"renderJobId":"3deddb9b-e605-462c-92d4-c842c8fbb297","protocolTimeout":30000,"parentProtocolTimeout":300000,"forceScreenshot":false,"totalFrames":759}
[INFO] Launching browser for capture calibration... {"renderJobId":"3deddb9b-e605-462c-92d4-c842c8fbb297"}
[INFO] Initializing calibration session... {"renderJobId":"3deddb9b-e605-462c-92d4-c842c8fbb297"}
[INFO] Calibration session ready, capturing test frames... {"renderJobId":"3deddb9b-e605-462c-92d4-c842c8fbb297"}
[INFO] Calibration: capturing test frame 1/5... {"renderJobId":"3deddb9b-e605-462c-92d4-c842c8fbb297"}
[INFO] Calibration: capturing test frame 2/5... {"renderJobId":"3deddb9b-e605-462c-92d4-c842c8fbb297"}
[INFO] Calibration: capturing test frame 3/5... {"renderJobId":"3deddb9b-e605-462c-92d4-c842c8fbb297"}
[INFO] Calibration: capturing test frame 4/5... {"renderJobId":"3deddb9b-e605-462c-92d4-c842c8fbb297"}
[INFO] Calibration: capturing test frame 5/5... {"renderJobId":"3deddb9b-e605-462c-92d4-c842c8fbb297"}
[INFO] Calibration complete, estimated cost: 35ms/frame (p95) {"renderJobId":"3deddb9b-e605-462c-92d4-c842c8fbb297"}
[INFO] [Render:trace] {"renderJobId":"3deddb9b-e605-462c-92d4-c842c8fbb297","phase":"capture_calibration","status":"end","elapsedMs":27335,"durationMs":22524,"stagePhase":"calibrating","forceScreenshot":false,"totalFrames":759,"framesCompleted":0,"captureMode":"drawelement","captureOperation":"drawElement"}
[INFO] [Render:trace] {"renderJobId":"3deddb9b-e605-462c-92d4-c842c8fbb297","phase":"capture_calibration","status":"checkpoint","elapsedMs":27335,"message":"resolved","forceScreenshot":false,"multiplier":1,"p95Ms":35}
[INFO] [Render:trace] {"renderJobId":"3deddb9b-e605-462c-92d4-c842c8fbb297","phase":"worker_resolution","status":"checkpoint","elapsedMs":27336,"message":"resolved","workerCount":4}
[INFO] [Render] Fast capture: default-on drawElement disabled for this render — parallel capture has no runtime self-verification. Set PRODUCER_EXPERIMENTAL_FAST_CAPTURE=true to override. {"renderJobId":"3deddb9b-e605-462c-92d4-c842c8fbb297"}
[INFO] streaming-encode gate {"renderJobId":"3deddb9b-e605-462c-92d4-c842c8fbb297","enabled":false,"reason":"multi_worker","configFlag":true,"durationCapEnabled":false,"outputFormat":"mp4","workerCount":4,"durationSeconds":25.3,"maxDurationSeconds":240}
[INFO] [Render:trace] {"renderJobId":"3deddb9b-e605-462c-92d4-c842c8fbb297","phase":"capture_strategy","status":"checkpoint","elapsedMs":27336,"message":"resolved","workerCount":4,"forceScreenshot":false,"captureBeyondViewport":null,"useStreamingEncode":false,"useLayeredComposite":false,"usePageSideCompositing":false,"hasHdrContent":false,"hasShaderTransitions":false,"isPngSequence":false}
[INFO] [Render:trace] {"renderJobId":"3deddb9b-e605-462c-92d4-c842c8fbb297","phase":"capture_disk","status":"start","elapsedMs":27337,"stagePhase":"capturing","needsAlpha":false,"workerCount":4,"forceScreenshot":false,"totalFrames":759,"framesCompleted":0,"captureMode":"screenshot","captureOperation":"captureScreenshot"}
[INFO] [Render:trace] {"renderJobId":"3deddb9b-e605-462c-92d4-c842c8fbb297","phase":"capture_disk","status":"checkpoint","elapsedMs":57339,"message":"stage still running","stagePhase":"capturing","needsAlpha":false,"workerCount":4,"forceScreenshot":false,"totalFrames":759,"framesCompleted":0,"captureMode":"screenshot","captureOperation":"captureScreenshot","heartbeatIndex":1,"stageElapsedMs":30002}
[INFO] [Render:trace] {"renderJobId":"3deddb9b-e605-462c-92d4-c842c8fbb297","phase":"capture_disk","status":"checkpoint","elapsedMs":87341,"message":"stage still running","stagePhase":"capturing","needsAlpha":false,"workerCount":4,"forceScreenshot":false,"totalFrames":759,"framesCompleted":0,"captureMode":"screenshot","captureOperation":"captureScreenshot","heartbeatIndex":2,"stageElapsedMs":60004}
[INFO] [Render:trace] {"renderJobId":"3deddb9b-e605-462c-92d4-c842c8fbb297","phase":"capture_disk","status":"end","elapsedMs":111074,"durationMs":83737,"stagePhase":"capturing","needsAlpha":false,"workerCount":4,"forceScreenshot":false,"totalFrames":759,"framesCompleted":759,"captureMode":"screenshot","captureOperation":"encode"}
[INFO] [Render:trace] {"renderJobId":"3deddb9b-e605-462c-92d4-c842c8fbb297","phase":"encode","status":"start","elapsedMs":111075,"stagePhase":"capturing","hasAudio":true,"isPngSequence":false,"isGif":false,"chunkedEncode":false,"workerCount":4,"forceScreenshot":false,"totalFrames":759,"framesCompleted":759,"captureMode":"screenshot","captureOperation":"encode"}
[INFO] [Render:trace] {"renderJobId":"3deddb9b-e605-462c-92d4-c842c8fbb297","phase":"encode","status":"end","elapsedMs":112959,"durationMs":1884,"stagePhase":"capturing","hasAudio":true,"isPngSequence":false,"isGif":false,"chunkedEncode":false,"workerCount":4,"forceScreenshot":false,"totalFrames":759,"framesCompleted":759,"captureMode":"screenshot","captureOperation":"encode"}
[INFO] [Render:trace] {"renderJobId":"3deddb9b-e605-462c-92d4-c842c8fbb297","phase":"assemble","status":"start","elapsedMs":112960,"stagePhase":"capturing","hasAudio":true,"workerCount":4,"forceScreenshot":false,"totalFrames":759,"framesCompleted":759,"captureMode":"screenshot","captureOperation":"encode"}
[INFO] [Render:trace] {"renderJobId":"3deddb9b-e605-462c-92d4-c842c8fbb297","phase":"assemble","status":"end","elapsedMs":113866,"durationMs":906,"stagePhase":"capturing","hasAudio":true,"workerCount":4,"forceScreenshot":false,"totalFrames":759,"framesCompleted":759,"captureMode":"screenshot","captureOperation":"encode"}
[INFO] [Render:trace] {"renderJobId":"3deddb9b-e605-462c-92d4-c842c8fbb297","phase":"pipeline","status":"checkpoint","elapsedMs":113914,"message":"artifact validated","totalElapsedMs":113907}
