
> render
> npx --yes hyperframes@0.8.99 render -o /Users/mayowaadesanya/Projects/motif/videos/productions/every-change-should-be-reversible/quality-review/rough/no-captions.mp4 --skill=general-video -q delivery


◆  Rendering no-captions → /Users/mayowaadesanya/Projects/motif/videos/productions/every-change-should-be-reversible/quality-review/rough/no-captions.mp4
   30fps · high · auto workers (10 cores detected)
   GPU: browser GPU (auto-detect)

[?25l│
◒  Checking browser[1G[J◐  Checking browser[1G[J◇  Browser: cache
[?25h  █░░░░░░░░░░░░░░░░░░░░░░░░  5%  Compiling composition
  ██░░░░░░░░░░░░░░░░░░░░░░░  10%  Extracting video frames
  █████░░░░░░░░░░░░░░░░░░░░  20%  Processing audio tracks
  ██████░░░░░░░░░░░░░░░░░░░  25%  Starting frame capture
  ██████░░░░░░░░░░░░░░░░░░░  25%  Checking browser GPU
  ██████░░░░░░░░░░░░░░░░░░░  25%  Measuring capture speed
[BrowserManager] Browser launched (HeadlessChrome/152.0.7977.30, screenshot, gl=--use-gl=angle --use-angle=metal, headlessShell=true, platform=darwin)
[initSession:screenshot] page.goto start (0ms)
[HyperFrames] render runtime fps {"canonicalFps":30,"source":"render-options","rawFpsSource":"render-options","rawFps":30}
[initSession:screenshot] page.goto complete (1514ms)
[initSession:screenshot] GSAP proxy flush complete (11608ms)
[initSession:screenshot] pollHfReady complete (11611ms)
[initSession:screenshot] pollSubCompositionTimelines complete (ready) (11616ms)
[initSession:screenshot] applyVideoMetadataHints complete (11616ms)
[initSession:screenshot] media + fonts + tailwind ready (11618ms)
[initSession:screenshot] timeline at-risk predictor: 0/759 frames (0%) (11674ms)
[initSession:screenshot] static-frame dedup: disabled (eligible) (11682ms)
[initSession:screenshot] drawElement self-verify armed: 4 ground-truth frame(s) @ [190, 380, 569, 721] of 759 (22121ms)
[initSession:drawelement] drawElement canvas injected (22126ms)
[initSession:drawelement] screenshot fallback: 29 clip-boundary frame(s) (22126ms)
[initSession:drawelement] drawElement worker encode initialized (22130ms)
  ██████░░░░░░░░░░░░░░░░░░░  25%  Starting browsers (0/4 ready)
[BrowserManager] Browser launched (HeadlessChrome/152.0.7977.30, screenshot, gl=--use-gl=angle --use-angle=metal, headlessShell=true, platform=darwin)
[initSession:screenshot] page.goto start (0ms)
[initSession:screenshot] page.goto start (0ms)
[initSession:screenshot] page.goto start (0ms)
[initSession:screenshot] page.goto start (0ms)
[HyperFrames] render runtime fps {"canonicalFps":30,"source":"render-options","rawFpsSource":"render-options","rawFps":30}
[HyperFrames] render runtime fps {"canonicalFps":30,"source":"render-options","rawFpsSource":"render-options","rawFps":30}
[HyperFrames] render runtime fps {"canonicalFps":30,"source":"render-options","rawFpsSource":"render-options","rawFps":30}
[initSession:screenshot] page.goto complete (4819ms)
[initSession:screenshot] page.goto complete (4820ms)
[initSession:screenshot] page.goto complete (25010ms)
[HyperFrames] render runtime fps {"canonicalFps":30,"source":"render-options","rawFpsSource":"render-options","rawFps":30}
[Browser:ERROR] The AudioContext encountered an error from the audio device or the WebAudio renderer.
[initSession:screenshot] page.goto complete (25010ms)
[initSession:screenshot] GSAP proxy flush complete (25014ms)
[initSession:screenshot] GSAP proxy flush complete (25014ms)
[initSession:screenshot] GSAP proxy flush complete (25017ms)
[initSession:screenshot] GSAP proxy flush complete (25015ms)
[initSession:screenshot] pollHfReady complete (25018ms)
[initSession:screenshot] pollHfReady complete (25019ms)
[initSession:screenshot] pollHfReady complete (25018ms)
[initSession:screenshot] pollHfReady complete (25016ms)
[initSession:screenshot] pollSubCompositionTimelines complete (ready) (25022ms)
[initSession:screenshot] applyVideoMetadataHints complete (25022ms)
[initSession:screenshot] pollSubCompositionTimelines complete (ready) (25022ms)
[initSession:screenshot] applyVideoMetadataHints complete (25022ms)
[initSession:screenshot] pollSubCompositionTimelines complete (ready) (25022ms)
[initSession:screenshot] applyVideoMetadataHints complete (25022ms)
[initSession:screenshot] pollSubCompositionTimelines complete (ready) (25021ms)
[initSession:screenshot] applyVideoMetadataHints complete (25021ms)
[initSession:screenshot] media + fonts + tailwind ready (25026ms)
[initSession:screenshot] media + fonts + tailwind ready (25026ms)
[initSession:screenshot] media + fonts + tailwind ready (25025ms)
[initSession:screenshot] media + fonts + tailwind ready (25023ms)
[initSession:screenshot] static-frame dedup: disabled (eligible) (25032ms)
[initSession:screenshot] static-frame dedup: disabled (eligible) (25032ms)
[initSession:screenshot] static-frame dedup: disabled (eligible) (25031ms)
[initSession:screenshot] static-frame dedup: disabled (eligible) (25030ms)
  ██████░░░░░░░░░░░░░░░░░░░  25%  Starting browsers (1/4 ready)
  ██████░░░░░░░░░░░░░░░░░░░  25%  Capturing frame 1/759 (4 workers)
  ██████░░░░░░░░░░░░░░░░░░░  25%  Capturing frame 2/759 (4 workers)
  ██████░░░░░░░░░░░░░░░░░░░  27%  Capturing frame 26/759 (4 workers)
  ███████░░░░░░░░░░░░░░░░░░  28%  Capturing frame 51/759 (4 workers)
  ███████░░░░░░░░░░░░░░░░░░  29%  Capturing frame 75/759 (4 workers)
  ███████░░░░░░░░░░░░░░░░░░  31%  Capturing frame 99/759 (4 workers)
  ████████░░░░░░░░░░░░░░░░░  32%  Capturing frame 123/759 (4 workers)
  ████████░░░░░░░░░░░░░░░░░  34%  Capturing frame 147/759 (4 workers)
  ████████░░░░░░░░░░░░░░░░░  35%  Capturing frame 172/759 (4 workers)
  █████████░░░░░░░░░░░░░░░░  37%  Capturing frame 194/759 (4 workers)
  █████████░░░░░░░░░░░░░░░░  38%  Capturing frame 220/759 (4 workers)
  ██████████░░░░░░░░░░░░░░░  40%  Capturing frame 245/759 (4 workers)
  ██████████░░░░░░░░░░░░░░░  41%  Capturing frame 270/759 (4 workers)
  ██████████░░░░░░░░░░░░░░░  42%  Capturing frame 294/759 (4 workers)
  ███████████░░░░░░░░░░░░░░  44%  Capturing frame 319/759 (4 workers)
  ███████████░░░░░░░░░░░░░░  45%  Capturing frame 344/759 (4 workers)
  ███████████░░░░░░░░░░░░░░  47%  Capturing frame 368/759 (4 workers)
  ████████████░░░░░░░░░░░░░  48%  Capturing frame 393/759 (4 workers)
  ████████████░░░░░░░░░░░░░  50%  Capturing frame 417/759 (4 workers)
  ████████████░░░░░░░░░░░░░  51%  Capturing frame 442/759 (4 workers)
  █████████████░░░░░░░░░░░░  53%  Capturing frame 467/759 (4 workers)
  █████████████░░░░░░░░░░░░  54%  Capturing frame 492/759 (4 workers)
  ██████████████░░░░░░░░░░░  56%  Capturing frame 517/759 (4 workers)
  ██████████████░░░░░░░░░░░  57%  Capturing frame 541/759 (4 workers)
  ██████████████░░░░░░░░░░░  58%  Capturing frame 565/759 (4 workers)
  ███████████████░░░░░░░░░░  60%  Capturing frame 589/759 (4 workers)
  ███████████████░░░░░░░░░░  61%  Capturing frame 612/759 (4 workers)
  ███████████████░░░░░░░░░░  63%  Capturing frame 636/759 (4 workers)
  ████████████████░░░░░░░░░  64%  Capturing frame 661/759 (4 workers)
  ████████████████░░░░░░░░░  66%  Capturing frame 685/759 (4 workers)
  ████████████████░░░░░░░░░  67%  Capturing frame 709/759 (4 workers)
  █████████████████░░░░░░░░  68%  Capturing frame 732/759 (4 workers)
  █████████████████░░░░░░░░  70%  Capturing frame 755/759 (4 workers)
  █████████████████░░░░░░░░  70%  Capturing frame 759/759 (4 workers)
  ██████████████████░░░░░░░  75%  Encoding video
  ██████████████████████░░░  90%  Assembling final video
  █████████████████████████  100%  Render complete

◇  /Users/mayowaadesanya/Projects/motif/videos/productions/every-change-should-be-reversible/quality-review/rough/no-captions.mp4
   2.6 MB · 25.3s video · rendered in 1m 44.1s
   screenshot capture · hardware gpu · compile 3.5s · extract 0.0s · audio 0.7s · probe 0.7s · setup 22.9s · capture 1m 13.9s · encode 1.9s · assemble 0.9s
[INFO] [Render] Pipeline started {"renderJobId":"8f916355-b4d1-4239-b7fb-90836d1b7c4d","platform":"darwin","arch":"arm64","nodeVersion":"v22.23.0","fps":{"num":30,"den":1},"format":"mp4","quality":"high","browserGpuMode":"auto","forceScreenshot":false,"protocolTimeout":300000,"browserTimeout":120000,"pageNavigationTimeout":60000,"playerReadyTimeout":45000}
[INFO] [Render:trace] {"renderJobId":"8f916355-b4d1-4239-b7fb-90836d1b7c4d","phase":"pipeline","status":"checkpoint","elapsedMs":3,"message":"started","format":"mp4","quality":"high","browserGpuMode":"auto","forceScreenshot":false,"protocolTimeoutMs":300000,"pageNavigationTimeoutMs":60000,"playerReadyTimeoutMs":45000,"requestedWorkers":"auto"}
[INFO] [Render:trace] {"renderJobId":"8f916355-b4d1-4239-b7fb-90836d1b7c4d","phase":"compile","status":"start","elapsedMs":4,"needsAlpha":false}
[INFO] [Compiler] Embedded local font file: assets/fonts/Inter-700.woff2 (24 KB → data URI)
[INFO] [Compiler] Embedded local font file: assets/fonts/Inter-900.woff2 (25 KB → data URI)
[INFO] [Compiler] Embedded local font file: assets/fonts/EBGaramond-700.woff2 (23 KB → data URI)
[INFO] Compiled composition metadata {"renderJobId":"8f916355-b4d1-4239-b7fb-90836d1b7c4d","entryFile":"index.html","staticDuration":25.3,"width":360,"height":640,"videoCount":0,"audioCount":1,"renderModeHints":{"recommendScreenshot":false,"reasons":[]}}
[INFO] [Render:trace] {"renderJobId":"8f916355-b4d1-4239-b7fb-90836d1b7c4d","phase":"compile","status":"end","elapsedMs":2744,"durationMs":2740,"needsAlpha":false}
[INFO] [Render:trace] {"renderJobId":"8f916355-b4d1-4239-b7fb-90836d1b7c4d","phase":"compile","status":"checkpoint","elapsedMs":2782,"message":"composition metadata resolved","width":360,"height":640,"videoCount":0,"audioCount":1,"imageCount":0,"deviceScaleFactor":1,"forceScreenshot":false,"compositionHash":"c6f7c18536c2c4c5"}
[INFO] [Render:trace] {"renderJobId":"8f916355-b4d1-4239-b7fb-90836d1b7c4d","phase":"browser_probe","status":"start","elapsedMs":2782,"forceScreenshot":false,"stagePhase":"calibrating"}
[INFO] [Render:trace] {"renderJobId":"8f916355-b4d1-4239-b7fb-90836d1b7c4d","phase":"browser_probe","status":"end","elapsedMs":3517,"durationMs":735,"forceScreenshot":false,"stagePhase":"calibrating"}
[INFO] [Render:trace] {"renderJobId":"8f916355-b4d1-4239-b7fb-90836d1b7c4d","phase":"browser_probe","status":"checkpoint","elapsedMs":3554,"message":"duration resolved","durationSeconds":25.3,"totalFrames":759,"compositionHash":"c6f7c18536c2c4c5","beginFrameStalled":false}
[INFO] [Render:trace] {"renderJobId":"8f916355-b4d1-4239-b7fb-90836d1b7c4d","phase":"video_extract","status":"start","elapsedMs":3554,"videoCount":0}
[INFO] [Render:trace] {"renderJobId":"8f916355-b4d1-4239-b7fb-90836d1b7c4d","phase":"video_extract","status":"end","elapsedMs":3555,"durationMs":1,"videoCount":0}
[INFO] [Render:trace] {"renderJobId":"8f916355-b4d1-4239-b7fb-90836d1b7c4d","phase":"video_extract","status":"checkpoint","elapsedMs":3640,"message":"frames resolved","videoCount":0,"extractedVideoCount":0,"totalFramesExtracted":0,"maxFramesPerVideo":0,"avgFramesPerExtractedVideo":null,"vfrPreflightCount":null,"vfrPreflightMs":null,"cacheHits":null,"cacheMisses":null,"transientRetries":null,"minVideoFrameCoverageRatio":null,"authoredTimedClipCount":11}
[INFO] [Render] No HDR sources detected — rendering SDR {"renderJobId":"8f916355-b4d1-4239-b7fb-90836d1b7c4d"}
[INFO] [Render:trace] {"renderJobId":"8f916355-b4d1-4239-b7fb-90836d1b7c4d","phase":"hdr_detection","status":"checkpoint","elapsedMs":3640,"message":"resolved","requestedHdrMode":"auto","effectiveHdr":"sdr","nativeHdrVideoCount":0,"nativeHdrImageCount":0}
[INFO] [Render:trace] {"renderJobId":"8f916355-b4d1-4239-b7fb-90836d1b7c4d","phase":"audio_process","status":"start","elapsedMs":3640,"audioCount":1}
[INFO] [Render:trace] {"renderJobId":"8f916355-b4d1-4239-b7fb-90836d1b7c4d","phase":"audio_process","status":"end","elapsedMs":4359,"durationMs":719,"audioCount":1}
[INFO] [Render:trace] {"renderJobId":"8f916355-b4d1-4239-b7fb-90836d1b7c4d","phase":"file_server","status":"start","elapsedMs":4359,"reused":false}
[INFO] [Render:trace] {"renderJobId":"8f916355-b4d1-4239-b7fb-90836d1b7c4d","phase":"file_server","status":"end","elapsedMs":4367,"durationMs":8}
[hyperframes] browserGpuMode probe → hardware (WebGL renderer vendor="Google Inc. (Apple)" renderer="ANGLE (Apple, ANGLE Metal Renderer: Apple M2 Pro, Unspecified Version)")
[INFO] [Render:trace] {"renderJobId":"8f916355-b4d1-4239-b7fb-90836d1b7c4d","phase":"capture_calibration","status":"start","elapsedMs":4734,"stagePhase":"calibrating","forceScreenshot":false,"totalFrames":759,"framesCompleted":0,"captureMode":"drawelement","captureOperation":"drawElement"}
[INFO] [Render] Calibration config {"renderJobId":"8f916355-b4d1-4239-b7fb-90836d1b7c4d","protocolTimeout":30000,"parentProtocolTimeout":300000,"forceScreenshot":false,"totalFrames":759}
[INFO] Launching browser for capture calibration... {"renderJobId":"8f916355-b4d1-4239-b7fb-90836d1b7c4d"}
[INFO] Initializing calibration session... {"renderJobId":"8f916355-b4d1-4239-b7fb-90836d1b7c4d"}
[INFO] Calibration session ready, capturing test frames... {"renderJobId":"8f916355-b4d1-4239-b7fb-90836d1b7c4d"}
[INFO] Calibration: capturing test frame 1/5... {"renderJobId":"8f916355-b4d1-4239-b7fb-90836d1b7c4d"}
[INFO] Calibration: capturing test frame 2/5... {"renderJobId":"8f916355-b4d1-4239-b7fb-90836d1b7c4d"}
[INFO] Calibration: capturing test frame 3/5... {"renderJobId":"8f916355-b4d1-4239-b7fb-90836d1b7c4d"}
[INFO] Calibration: capturing test frame 4/5... {"renderJobId":"8f916355-b4d1-4239-b7fb-90836d1b7c4d"}
[INFO] Calibration: capturing test frame 5/5... {"renderJobId":"8f916355-b4d1-4239-b7fb-90836d1b7c4d"}
[INFO] Calibration complete, estimated cost: 34ms/frame (p95) {"renderJobId":"8f916355-b4d1-4239-b7fb-90836d1b7c4d"}
[INFO] [Render:trace] {"renderJobId":"8f916355-b4d1-4239-b7fb-90836d1b7c4d","phase":"capture_calibration","status":"end","elapsedMs":27220,"durationMs":22486,"stagePhase":"calibrating","forceScreenshot":false,"totalFrames":759,"framesCompleted":0,"captureMode":"drawelement","captureOperation":"drawElement"}
[INFO] [Render:trace] {"renderJobId":"8f916355-b4d1-4239-b7fb-90836d1b7c4d","phase":"capture_calibration","status":"checkpoint","elapsedMs":27220,"message":"resolved","forceScreenshot":false,"multiplier":1,"p95Ms":34}
[INFO] [Render:trace] {"renderJobId":"8f916355-b4d1-4239-b7fb-90836d1b7c4d","phase":"worker_resolution","status":"checkpoint","elapsedMs":27221,"message":"resolved","workerCount":4}
[INFO] [Render] Fast capture: default-on drawElement disabled for this render — parallel capture has no runtime self-verification. Set PRODUCER_EXPERIMENTAL_FAST_CAPTURE=true to override. {"renderJobId":"8f916355-b4d1-4239-b7fb-90836d1b7c4d"}
[INFO] streaming-encode gate {"renderJobId":"8f916355-b4d1-4239-b7fb-90836d1b7c4d","enabled":false,"reason":"multi_worker","configFlag":true,"durationCapEnabled":false,"outputFormat":"mp4","workerCount":4,"durationSeconds":25.3,"maxDurationSeconds":240}
[INFO] [Render:trace] {"renderJobId":"8f916355-b4d1-4239-b7fb-90836d1b7c4d","phase":"capture_strategy","status":"checkpoint","elapsedMs":27221,"message":"resolved","workerCount":4,"forceScreenshot":false,"captureBeyondViewport":null,"useStreamingEncode":false,"useLayeredComposite":false,"usePageSideCompositing":false,"hasHdrContent":false,"hasShaderTransitions":false,"isPngSequence":false}
[INFO] [Render:trace] {"renderJobId":"8f916355-b4d1-4239-b7fb-90836d1b7c4d","phase":"capture_disk","status":"start","elapsedMs":27221,"stagePhase":"capturing","needsAlpha":false,"workerCount":4,"forceScreenshot":false,"totalFrames":759,"framesCompleted":0,"captureMode":"screenshot","captureOperation":"captureScreenshot"}
[INFO] [Render:trace] {"renderJobId":"8f916355-b4d1-4239-b7fb-90836d1b7c4d","phase":"capture_disk","status":"checkpoint","elapsedMs":57225,"message":"stage still running","stagePhase":"capturing","needsAlpha":false,"workerCount":4,"forceScreenshot":false,"totalFrames":759,"framesCompleted":0,"captureMode":"screenshot","captureOperation":"captureScreenshot","heartbeatIndex":1,"stageElapsedMs":30002}
[INFO] [Render:trace] {"renderJobId":"8f916355-b4d1-4239-b7fb-90836d1b7c4d","phase":"capture_disk","status":"checkpoint","elapsedMs":87228,"message":"stage still running","stagePhase":"capturing","needsAlpha":false,"workerCount":4,"forceScreenshot":false,"totalFrames":759,"framesCompleted":1,"captureMode":"screenshot","captureOperation":"captureScreenshot","heartbeatIndex":2,"stageElapsedMs":60006}
[INFO] [Render:trace] {"renderJobId":"8f916355-b4d1-4239-b7fb-90836d1b7c4d","phase":"capture_disk","status":"end","elapsedMs":101154,"durationMs":73932,"stagePhase":"capturing","needsAlpha":false,"workerCount":4,"forceScreenshot":false,"totalFrames":759,"framesCompleted":759,"captureMode":"screenshot","captureOperation":"encode"}
[INFO] [Render:trace] {"renderJobId":"8f916355-b4d1-4239-b7fb-90836d1b7c4d","phase":"encode","status":"start","elapsedMs":101154,"stagePhase":"capturing","hasAudio":true,"isPngSequence":false,"isGif":false,"chunkedEncode":false,"workerCount":4,"forceScreenshot":false,"totalFrames":759,"framesCompleted":759,"captureMode":"screenshot","captureOperation":"encode"}
[INFO] [Render:trace] {"renderJobId":"8f916355-b4d1-4239-b7fb-90836d1b7c4d","phase":"encode","status":"end","elapsedMs":103046,"durationMs":1892,"stagePhase":"capturing","hasAudio":true,"isPngSequence":false,"isGif":false,"chunkedEncode":false,"workerCount":4,"forceScreenshot":false,"totalFrames":759,"framesCompleted":759,"captureMode":"screenshot","captureOperation":"encode"}
[INFO] [Render:trace] {"renderJobId":"8f916355-b4d1-4239-b7fb-90836d1b7c4d","phase":"assemble","status":"start","elapsedMs":103047,"stagePhase":"capturing","hasAudio":true,"workerCount":4,"forceScreenshot":false,"totalFrames":759,"framesCompleted":759,"captureMode":"screenshot","captureOperation":"encode"}
[INFO] [Render:trace] {"renderJobId":"8f916355-b4d1-4239-b7fb-90836d1b7c4d","phase":"assemble","status":"end","elapsedMs":103955,"durationMs":908,"stagePhase":"capturing","hasAudio":true,"workerCount":4,"forceScreenshot":false,"totalFrames":759,"framesCompleted":759,"captureMode":"screenshot","captureOperation":"encode"}
[INFO] [Render:trace] {"renderJobId":"8f916355-b4d1-4239-b7fb-90836d1b7c4d","phase":"pipeline","status":"checkpoint","elapsedMs":104000,"message":"artifact validated","totalElapsedMs":103994}
